--version-check 0 --verbose -a dna single_reference.fasta tmp/valik/my_dir/query_14_0.fasta --referenceLength 10240 --sequenceOfInterest 0 --segmentBegin 8918 --segmentEnd 9605 -e 0.020000 -l 50 -o tmp/valik/my_dir/query_14_0.fasta.gff --repeatPeriod 1 --repeatLength 1000 --verification exact --xDrop 5.000000 --abundanceCut 1.000000 --numMatches 50 --sortThresh 500
--version-check 0 --verbose -a dna single_reference.fasta tmp/valik/my_dir/query_13_0.fasta --referenceLength 10240 --sequenceOfInterest 0 --segmentBegin 8281 --segmentEnd 8968 -e 0.020000 -l 50 -o tmp/valik/my_dir/query_13_0.fasta.gff --repeatPeriod 1 --repeatLength 1000 --verification exact --xDrop 5.000000 --abundanceCut 1.000000 --numMatches 50 --sortThresh 500
--version-check 0 --verbose -a dna single_reference.fasta tmp/valik/my_dir/query_10_0.fasta --referenceLength 10240 --sequenceOfInterest 0 --segmentBegin 6370 --segmentEnd 7057 -e 0.020000 -l 50 -o tmp/valik/my_dir/query_10_0.fasta.gff --repeatPeriod 1 --repeatLength 1000 --verification exact --xDrop 5.000000 --abundanceCut 1.000000 --numMatches 50 --sortThresh 500
--version-check 0 --verbose -a dna single_reference.fasta tmp/valik/my_dir/query_7_0.fasta --referenceLength 10240 --sequenceOfInterest 0 --segmentBegin 4459 --segmentEnd 5146 -e 0.020000 -l 50 -o tmp/valik/my_dir/query_7_0.fasta.gff --repeatPeriod 1 --repeatLength 1000 --verification exact --xDrop 5.000000 --abundanceCut 1.000000 --numMatches 50 --sortThresh 500
--version-check 0 --verbose -a dna single_reference.fasta tmp/valik/my_dir/query_6_0.fasta --referenceLength 10240 --sequenceOfInterest 0 --segmentBegin 3822 --segmentEnd 4509 -e 0.020000 -l 50 -o tmp/valik/my_dir/query_6_0.fasta.gff --repeatPeriod 1 --repeatLength 1000 --verification exact --xDrop 5.000000 --abundanceCut 1.000000 --numMatches 50 --sortThresh 500
--version-check 0 --verbose -a dna single_reference.fasta tmp/valik/my_dir/query_5_0.fasta --referenceLength 10240 --sequenceOfInterest 0 --segmentBegin 3185 --segmentEnd 3872 -e 0.020000 -l 50 -o tmp/valik/my_dir/query_5_0.fasta.gff --repeatPeriod 1 --repeatLength 1000 --verification exact --xDrop 5.000000 --abundanceCut 1.000000 --numMatches 50 --sortThresh 500
--version-check 0 --verbose -a dna single_reference.fasta tmp/valik/my_dir/query_3_0.fasta --referenceLength 10240 --sequenceOfInterest 0 --segmentBegin 1911 --segmentEnd 2598 -e 0.020000 -l 50 -o tmp/valik/my_dir/query_3_0.fasta.gff --repeatPeriod 1 --repeatLength 1000 --verification exact --xDrop 5.000000 --abundanceCut 1.000000 --numMatches 50 --sortThresh 500
--version-check 0 --verbose -a dna single_reference.fasta tmp/valik/my_dir/query_1_0.fasta --referenceLength 10240 --sequenceOfInterest 0 --segmentBegin 637 --segmentEnd 1324 -e 0.020000 -l 50 -o tmp/valik/my_dir/query_1_0.fasta.gff --repeatPeriod 1 --repeatLength 1000 --verification exact --xDrop 5.000000 --abundanceCut 1.000000 --numMatches 50 --sortThresh 500
--version-check 0 --verbose -a dna single_reference.fasta tmp/valik/my_dir/query_0_0.fasta --referenceLength 10240 --sequenceOfInterest 0 --segmentBegin 0 --segmentEnd 687 -e 0.020000 -l 50 -o tmp/valik/my_dir/query_0_0.fasta.gff --repeatPeriod 1 --repeatLength 1000 --verification exact --xDrop 5.000000 --abundanceCut 1.000000 --numMatches 50 --sortThresh 500
